// Jest Snapshot v1, https://goo.gl/fbAQLP

exports[`spacingFormatter can handle dictionary with spacing tokens 1`] = `
"/* Test header */
package nl.elements.skeleton

import org.example.SpacingTokens

object Spacings : SpacingTokens {
  override val xxxs = 4
  override val xxs = 8
  override val xs = 12
}"
`;
