// Jest Snapshot v1, https://goo.gl/fbAQLP

exports[`typographyFormatter can handle dictionary with typography tokens 1`] = `
"/* Test header */
package nl.elements.skeleton

import androidx.compose.material.Typography
import androidx.compose.ui.text.TextStyle
import androidx.compose.ui.text.font.FontWeight
import androidx.compose.ui.unit.sp

val h1 = TextStyle(
    fontWeight = FontWeight.Light,
    fontSize = 96.sp,
    letterSpacing = (-1.5).sp,
)

val h2 = TextStyle(
    fontWeight = FontWeight.Light,
    fontSize = 60.sp,
    letterSpacing = (-0.5).sp,
)

val AppTypography = Typography(
    h1 = h1,
    h2 = h2,
)"
`;
